// Jest Snapshot v1, https://goo.gl/fbAQLP

exports[`App renders a Router 1`] = `
<BrowserRouter>
  <React.Fragment>
    <NavBar />
    <Content />
  </React.Fragment>
</BrowserRouter>
`;
