// Jest Snapshot v1, https://goo.gl/fbAQLP

exports[`PageNotFound renders 1`] = `
<h2>
  404 - Page Not Found
</h2>
`;
